Microsoft (R) Macro Assembler Version 6.11		    03/20/19 15:17:42
tempfile.asm						     Page 1 - 1


 0000				DATAS SEGMENT
 0000  0001 [			    MEM DB 1 DUP(?),0  
        00
       ] 00
 0002				DATAS ENDS

 0000				STACKS SEGMENT
				    ;此处输入堆栈段代码
 0000				STACKS ENDS

 0000				CODES SEGMENT
				    ASSUME CS:CODES,DS:DATAS,SS:STACKS
 0000				START:
 0000  B8 ---- R		    MOV AX,DATAS
 0003  8E D8			    MOV DS,AX
				    
				    
				    
 0005  B4 4C			    MOV AH,4CH
 0007  CD 21			    INT 21H
 0009				CODES ENDS
				    END START
Microsoft (R) Macro Assembler Version 6.11		    03/20/19 15:17:42
tempfile.asm						     Symbols 2 - 1




Segments and Groups:

                N a m e                 Size     Length   Align   Combine Class

CODES  . . . . . . . . . . . . .	16 Bit	 0009	  Para	  Private 
DATAS  . . . . . . . . . . . . .	16 Bit	 0002	  Para	  Private 
STACKS . . . . . . . . . . . . .	16 Bit	 0000	  Para	  Private 


Symbols:

                N a m e                 Type     Value    Attr

MEM  . . . . . . . . . . . . . .	Byte	 0000	  DATAS	
START  . . . . . . . . . . . . .	L Near	 0000	  CODES	

	   0 Warnings
	   0 Errors
