Microsoft (R) Macro Assembler Version 6.11		    04/01/19 19:10:22
tempfile.asm						     Page 1 - 1


 0000				DATAS SEGMENT
				    ;此处输入数据段代码
 0000  0064 [			    DATA DB 100 DUP(22H)
        22
       ]
 0064 48 45 4C 4C 4F 20		    DATA2 DB 'HELLO WORLD'  
       57 4F 52 4C 44
 006F				DATAS ENDS

 0000				STACKS SEGMENT
				    ;此处输入堆栈段代码
 0000				STACKS ENDS

 0000				CODES SEGMENT
				    ASSUME CS:CODES,DS:DATAS,SS:STACKS
 0000				START:
 0000  B8 ---- R		    MOV AX,DATAS
 0003  8E D8			    MOV DS,AX
				    
 0005  8D 06 0066 R		    LEA AX,[DATA2 +2]
 0009  B9 0064 R		    MOV CX,OFFSET DATA2
 000C  B3 80			    MOV BL,80H
 000E  93			    XCHG AX,BX
				    
 000F  C6 06 0064 R 68		    MOV BYTE PTR DATA2,'h'
 0014  C7 06 0065 R 6C65	    MOV WORD PTR DATA2[1],'le'
				    
 001A  B8 0093			    MOV AX,93H
 001D  8B 1E 0050		    MOV BX,DS:[80]
				    
				    ;带符号扩展
 0021  98			    CBW
				    ;AL->AX
 0022  99			    CWD
				    ;AX->DX:AX
				    ;CWDE
				    ;CDQ
				       
 0023  B4 4C			    MOV AH,4CH
 0025  CD 21			    INT 21H
 0027				CODES ENDS
				    END START
Microsoft (R) Macro Assembler Version 6.11		    04/01/19 19:10:22
tempfile.asm						     Symbols 2 - 1




Segments and Groups:

                N a m e                 Size     Length   Align   Combine Class

CODES  . . . . . . . . . . . . .	16 Bit	 0027	  Para	  Private 
DATAS  . . . . . . . . . . . . .	16 Bit	 006F	  Para	  Private 
STACKS . . . . . . . . . . . . .	16 Bit	 0000	  Para	  Private 


Symbols:

                N a m e                 Type     Value    Attr

DATA2  . . . . . . . . . . . . .	Byte	 0064	  DATAS	
DATA . . . . . . . . . . . . . .	Byte	 0000	  DATAS	
START  . . . . . . . . . . . . .	L Near	 0000	  CODES	

	   0 Warnings
	   0 Errors
